// Jest Snapshot v1, https://goo.gl/fbAQLP

exports[`Button should render correctly 1`] = `
<button
  className="button"
  onClick={[Function]}
>
  I am a button
</button>
`;
